npm notice run logos@0.1.0 npx
npm notice run tsx src/index.ts
sqlite-vec native extension not available, using JS-based vector search
Database schema initialized (version 2, JS-based vector search)
LOGOS API server running on http://localhost:3001
Vault SSE endpoint: http://localhost:3001/events/vault
Vault reconcile endpoint: http://localhost:3001/api/vault/reconcile
Watching vault directory: D:\Project\LOGOS\storage\workspace\vault
Vault modified: agent-write-test.md (v4, USER)
Vault modified: automation-write-test.md (v4, USER)
Vault modified: conflict-test.md (v4, USER)
Vault modified: logos-write-test.md (v4, USER)
Vault modified: external-test.md (v4, USER)
Vault modified: self-write-test.md (v4, USER)
Vault modified: sse-external.md (v4, USER)
Vault modified: sse-external2.md (v4, USER)
Vault modified: sse-test2.md (v4, USER)
Vault modified: sse-verify.md (v4, USER)
Vault modified: test.md (v4, USER)
Vault modified: test-sync.md (v4, USER)
[Server] GET /health
[handleRestRequest] GET /health
[handleRestRequest] pathname: "/health"
[Server] GET /api/documents
[handleRestRequest] GET /api/documents
[handleRestRequest] pathname: "/api/documents"
[API] GET /api/documents -> subPath: "/"
[Server] POST /api/vault/reconcile
[handleRestRequest] POST /api/vault/reconcile
[handleRestRequest] pathname: "/api/vault/reconcile"
[Server] GET /events/vault
[handleRestRequest] GET /events/vault
[handleRestRequest] pathname: "/events/vault"
[Server] GET /
[handleRestRequest] GET /
[handleRestRequest] pathname: "/"
[Server] GET /favicon.ico
[handleRestRequest] GET /favicon.ico
[handleRestRequest] pathname: "/favicon.ico"
[Server] GET /api/memory/search?q=test&limit=5
[handleRestRequest] GET /api/memory/search?q=test&limit=5
[handleRestRequest] pathname: "/api/memory/search"
[API] GET /api/memory/search -> subPath: "/search"
Loading embedding model...
Loading embedding model...
Loading embedding model...
Embedding model loaded
Embedding model loaded
Embedding model loaded
[Server] POST /api/memory/episodic
[handleRestRequest] POST /api/memory/episodic
[handleRestRequest] pathname: "/api/memory/episodic"
[API] POST /api/memory/episodic -> subPath: "/episodic"
[Server] GET /api/memory/episodic/search?q=testing&limit=5
[handleRestRequest] GET /api/memory/episodic/search?q=testing&limit=5
[handleRestRequest] pathname: "/api/memory/episodic/search"
[API] GET /api/memory/episodic/search -> subPath: "/episodic/search"
[API] Episodic search: q=testing, limit=5, threshold=0.75
[Server] GET /event/vault
[handleRestRequest] GET /event/vault
[handleRestRequest] pathname: "/event/vault"
[Server] GET /events/vault
[handleRestRequest] GET /events/vault
[handleRestRequest] pathname: "/events/vault"
[Server] GET /api/memory/episodic/search?q=writer&limit=5
[handleRestRequest] GET /api/memory/episodic/search?q=writer&limit=5
[handleRestRequest] pathname: "/api/memory/episodic/search"
[API] GET /api/memory/episodic/search -> subPath: "/episodic/search"
[API] Episodic search: q=writer, limit=5, threshold=0.75
[Server] GET /api/memory/episodic/search?q=identity&limit=5
[handleRestRequest] GET /api/memory/episodic/search?q=identity&limit=5
[handleRestRequest] pathname: "/api/memory/episodic/search"
[API] GET /api/memory/episodic/search -> subPath: "/episodic/search"
[API] Episodic search: q=identity, limit=5, threshold=0.75
[Server] GET /api/memory/episodic?limit=10
[handleRestRequest] GET /api/memory/episodic?limit=10
[handleRestRequest] pathname: "/api/memory/episodic"
[API] GET /api/memory/episodic -> subPath: "/episodic"
[Server] POST /api/memory/episodic
[handleRestRequest] POST /api/memory/episodic
[handleRestRequest] pathname: "/api/memory/episodic"
[API] POST /api/memory/episodic -> subPath: "/episodic"
[Server] GET /api/memory/episodic/search?q=testing&limit=5
[handleRestRequest] GET /api/memory/episodic/search?q=testing&limit=5
[handleRestRequest] pathname: "/api/memory/episodic/search"
[API] GET /api/memory/episodic/search -> subPath: "/episodic/search"
[API] Episodic search: q=testing, limit=5, threshold=0.75
[Server] GET /api/memory/episodic/recent?limit=5
[handleRestRequest] GET /api/memory/episodic/recent?limit=5
[handleRestRequest] pathname: "/api/memory/episodic/recent"
[API] GET /api/memory/episodic/recent -> subPath: "/episodic/recent"
